2025-09-13 22:27:55,834 { json_schema_validator.py [ wrapper : 30] } DEBUG : JSON schema validation done for --->> {'type': 'object', 'properties': {'to_email_addr': {'type': 'array', 'errorMessage': {'type': 'to email address should be in a list'}}}}  
2025-09-13 22:27:55,839 { json_schema_validator.py [ wrapper : 48] } DEBUG : JSON schema validation done for --->> send_email  
2025-09-13 22:27:55,852 { sendemail.py [ send_email : 37] } INFO : before_msg 
2025-09-13 22:27:55,852 { sendemail.py [ send_email : 44] } INFO : inside exception - [Errno 61] Connection refused 
2025-09-13 22:27:55,854 { _internal.py [ _log : 97] } INFO : 127.0.0.1 - - [13/Sep/2025 22:27:55] "GET /send_email HTTP/1.1" 200 - 
2025-09-13 22:36:39,736 { _internal.py [ _log : 97] } INFO :  * Detected change in '/Users/sarvesh_21/Documents/be_project_file/py-flask-structure/config.py', reloading 
2025-09-13 22:36:40,592 { _internal.py [ _log : 97] } INFO :  * Restarting with stat 
2025-09-13 22:38:46,983 { _internal.py [ _log : 97] } INFO : [31m[1mWARNING: This is a development server. Do not use it in a production deployment. Use a production WSGI server instead.[0m
 * Running on all addresses (0.0.0.0)
 * Running on http://127.0.0.1:8000
 * Running on http://192.168.0.107:8000 
2025-09-13 22:38:46,983 { _internal.py [ _log : 97] } INFO : [33mPress CTRL+C to quit[0m 
2025-09-13 22:38:46,984 { _internal.py [ _log : 97] } INFO :  * Restarting with stat 
2025-09-13 22:38:47,528 { _internal.py [ _log : 97] } WARNING :  * Debugger is active! 
2025-09-13 22:38:47,553 { _internal.py [ _log : 97] } INFO :  * Debugger PIN: 722-700-029 
2025-09-13 22:38:59,048 { json_schema_validator.py [ wrapper : 30] } DEBUG : JSON schema validation done for --->> {'type': 'object', 'properties': {'to_email_addr': {'type': 'array', 'errorMessage': {'type': 'to email address should be in a list'}}}}  
2025-09-13 22:38:59,059 { json_schema_validator.py [ wrapper : 48] } DEBUG : JSON schema validation done for --->> send_email  
2025-09-13 22:38:59,260 { sendemail.py [ send_email : 37] } INFO : before_msg 
2025-09-13 22:39:01,927 { sendemail.py [ send_email : 44] } INFO : inside exception - (534, b'5.7.9 Application-specific password required. For more information, go to\n5.7.9  https://support.google.com/mail/?p=InvalidSecondFactor 41be03b00d2f7-b54a36dc461sm7602646a12.23 - gsmtp') 
2025-09-13 22:39:01,929 { _internal.py [ _log : 97] } INFO : 127.0.0.1 - - [13/Sep/2025 22:39:01] "GET /send_email HTTP/1.1" 200 - 
2025-09-13 22:43:23,787 { _internal.py [ _log : 97] } INFO :  * Detected change in '/Users/sarvesh_21/Documents/be_project_file/py-flask-structure/config.py', reloading 
2025-09-13 22:43:23,955 { _internal.py [ _log : 97] } INFO :  * Restarting with stat 
2025-09-13 22:43:24,910 { _internal.py [ _log : 97] } WARNING :  * Debugger is active! 
2025-09-13 22:43:24,936 { _internal.py [ _log : 97] } INFO :  * Debugger PIN: 722-700-029 
2025-09-13 22:43:26,520 { json_schema_validator.py [ wrapper : 30] } DEBUG : JSON schema validation done for --->> {'type': 'object', 'properties': {'to_email_addr': {'type': 'array', 'errorMessage': {'type': 'to email address should be in a list'}}}}  
2025-09-13 22:43:26,530 { json_schema_validator.py [ wrapper : 48] } DEBUG : JSON schema validation done for --->> send_email  
2025-09-13 22:43:26,539 { sendemail.py [ send_email : 37] } INFO : before_msg 
2025-09-13 22:43:28,522 { sendemail.py [ send_email : 44] } INFO : inside exception - (534, b'5.7.9 Application-specific password required. For more information, go to\n5.7.9  https://support.google.com/mail/?p=InvalidSecondFactor 98e67ed59e1d1-32dd982478bsm9345466a91.12 - gsmtp') 
2025-09-13 22:43:28,524 { _internal.py [ _log : 97] } INFO : 127.0.0.1 - - [13/Sep/2025 22:43:28] "GET /send_email HTTP/1.1" 200 - 
2025-09-13 22:53:25,370 { _internal.py [ _log : 97] } INFO :  * Detected change in '/Users/sarvesh_21/Documents/be_project_file/py-flask-structure/config.py', reloading 
2025-09-13 22:53:25,541 { _internal.py [ _log : 97] } INFO :  * Restarting with stat 
2025-09-13 22:53:26,486 { _internal.py [ _log : 97] } WARNING :  * Debugger is active! 
2025-09-13 22:53:26,510 { _internal.py [ _log : 97] } INFO :  * Debugger PIN: 722-700-029 
2025-09-13 22:53:26,524 { json_schema_validator.py [ wrapper : 30] } DEBUG : JSON schema validation done for --->> {'type': 'object', 'properties': {'to_email_addr': {'type': 'array', 'errorMessage': {'type': 'to email address should be in a list'}}}}  
2025-09-13 22:53:26,525 { json_schema_validator.py [ wrapper : 48] } DEBUG : JSON schema validation done for --->> send_email  
2025-09-13 22:53:26,536 { sendemail.py [ send_email : 37] } INFO : before_msg 
2025-09-13 22:53:30,062 { sendemail.py [ send_email : 39] } INFO : after_msg 
2025-09-13 22:53:30,063 { sendemail.py [ send_email : 41] } INFO : !!!!! mail sent successfully !!!!! 
2025-09-13 22:53:30,065 { _internal.py [ _log : 97] } INFO : 127.0.0.1 - - [13/Sep/2025 22:53:30] "GET /send_email HTTP/1.1" 200 - 
2025-09-13 22:54:55,447 { _internal.py [ _log : 97] } INFO :  * Detected change in '/Users/sarvesh_21/Documents/be_project_file/py-flask-structure/config.py', reloading 
2025-09-13 22:54:55,583 { _internal.py [ _log : 97] } INFO :  * Restarting with stat 
2025-09-13 22:54:56,300 { _internal.py [ _log : 97] } WARNING :  * Debugger is active! 
2025-09-13 22:54:56,319 { _internal.py [ _log : 97] } INFO :  * Debugger PIN: 722-700-029 
2025-09-13 22:54:59,126 { json_schema_validator.py [ wrapper : 30] } DEBUG : JSON schema validation done for --->> {'type': 'object', 'properties': {'to_email_addr': {'type': 'array', 'errorMessage': {'type': 'to email address should be in a list'}}}}  
2025-09-13 22:54:59,133 { json_schema_validator.py [ wrapper : 48] } DEBUG : JSON schema validation done for --->> send_email  
2025-09-13 22:54:59,146 { sendemail.py [ send_email : 37] } INFO : before_msg 
2025-09-13 22:55:02,387 { sendemail.py [ send_email : 39] } INFO : after_msg 
2025-09-13 22:55:02,387 { sendemail.py [ send_email : 41] } INFO : !!!!! mail sent successfully !!!!! 
2025-09-13 22:55:02,390 { _internal.py [ _log : 97] } INFO : 127.0.0.1 - - [13/Sep/2025 22:55:02] "GET /send_email HTTP/1.1" 200 - 
